{"organization":{"id":"org_QwNl81npdQQGinmt"},"details":{"name":"test1.example.com"},"skip_verification":true}
