{"networks":[{"id":"id1"}],"virtual_networks":[{"id":"id2"}]}
