<DiskIOProfile>diop_xPlNw7iDmrGOnPRA</DiskIOProfile>