{
  "users": [
    {
      "id": "user_yUfYcKHgU1ywBWzP"
    },
    {
      "email_address": "jane@doe.com"
    }
  ]
}