<AuthorizedKeys>
  <Users all="yes"></Users>
</AuthorizedKeys>