{"virtual_machine":{"id":"id1"},"properties":{"name":"hi"}}
