virtual_machine_build%5Bid%5D=vmbuild_pbjJIqJ3MOMNsCr3