{
  "pagination": {
    "current_page": 42
  },
  "certificate": {
    "id": "id1"
  },
  "certificates": [
    {
      "id": "id2"
    }
  ]
}
