{
  "id": "sg_3uXbmANw4sQiF1J3",
  "name": "group-1",
  "allow_all_inbound": true,
  "allow_all_outbound": true,
  "associations": [
    "id2",
    "id3"
  ]
}
