{"id":"dnszone_k75eFc4UBOgeE5Zy","name":"test1.example.com","ttl":343,"verified":true,"infrastructure_zone":true}
