<NetworkInterface>
  <VirtualNetwork>vnet_Cuc45YcBaUhWqx6u</VirtualNetwork>
</NetworkInterface>