{"pagination":{"current_page":934},"dns_zones":[{"id":"id1"}],"dns_zone":{"id":"id2"},"deleted":true,"nameservers":["ns1.foo.bar","ns2.foo.bar"]}
