<NetworkSpeedProfile>nsp_bFQhDNAluyp4t2A9</NetworkSpeedProfile>