{"resource_ids":null,"data_center":{"permalink":"woodland"}}
