{"organization":{"id":"id1"},"organizations":[{"id":"id2"}]}
