<Resources>
  <Package>vmpkg_m7mV5O0MafbDFp2n</Package>
  <Memory>16</Memory>
  <CPUCores>4</CPUCores>
</Resources>