{
  "id": "id",
  "name": "name",
  "code": "code",
  "country": {
    "id": "id2"
  }
}
