{
  "organization": {
    "id": "org_rs55YZNYMw7o3jnQ"
  },
  "properties": {
    "name": "group-1"
  }
}
