{
  "resource_type": "virtual_machines",
  "resource_ids": [
    "id2",
    "id3"
  ]
}
