{
  "resource_type": "virtual_machine_groups",
  "resource_ids": [
    "id2",
    "id3"
  ]
}
