{
  "organization": {
    "id": "org_rs55YZNYMw7o3jnQ"
  },
  "properties": {
    "data_center": {},
    "name": "web-1"
  }
}
