{"id":"vm_VkTLr3gjUxGFtCkp","name":"Anvil","hostname":"anvil","fqdn":"anvil.amce.katapult.cloud","created_at":934834834,"initial_root_password":"eZNHLt8gwtDJSSd59plNMh8S0BEGJZTe","state":"Westeros","zone":{"id":"id0"},"organization":{"id":"id1"},"group":{"id":"id2"},"package":{"id":"id3"},"attached_iso":{"id":"id4"},"tags":[{"id":"id5"}],"ip_addresses":[{"id":"id6"}]}
