<xmlSharedDisks>
  <Disk>disk_gJRNxe3h7zi0Hdh5</Disk>
  <Disk by="name">image-uploads</Disk>
</xmlSharedDisks>