<VirtualMachineSpec>
  <Hostname>
    <Hostname type="random"></Hostname>
  </Hostname>
</VirtualMachineSpec>