<NetworkSpeedProfile by="permalink">1g</NetworkSpeedProfile>