{
  "id": "fsv_1",
  "name": "test volume",
  "data_center": {
    "id": "dc_1"
  },
  "associations": [
    "assoc1",
    "assoc1"
  ],
  "state": "ready",
  "nfs_location": "foo:/mnt/nfs/volume1",
  "size": 1024
}
