{
  "virtual_machine_network_interface": {
    "id": "id1"
  },
  "speed_profile": {
    "id": "id2"
  }
}
