{"id":"ip_Ru4ef2oh6STZEQkC","address":"218.205.195.217","reverse_dns":"reverse_dns","vip":true,"label":"east-3","address_with_mask":"218.205.195.217/24","network":{"id":"netw_zDW7KYAeqqfRfVag"},"allocation_id":"vm_USg3i8oJTG5OdbQM","allocation_type":"VirtualMachine"}
