{"dns_zone":{"id":"dnszone_gymjA0XKuxJlcQXZ"},"ttl":8384}
