{"name":"helper","resource_type":"tags","resource_ids":null,"data_center":{"id":"id4"}}
