{"id":"id1","name":"name","data_center":{"id":"id2"}}
