{
  "pagination": {
    "current_page": 344
  },
  "load_balancer": {
    "id": "id1"
  },
  "load_balancers": [
    {
      "id": "id2"
    }
  ]
}
