{"id":"id1","name":"name","badge":{"url":"url2"}}
