<DiskTemplate>
  <DiskTemplate>dtpl_rlinMl51Lb1uvTez</DiskTemplate>
</DiskTemplate>