{"pagination":{"current_page":33},"ssh_key":{"id":"1"},"ssh_keys":[{"id":"2"}]}
