{"resource_type":"virtual_machines","resource":[{"type":"VirtualMachine","object":{"id":"id2"}},{"type":"VirtualMachine","object":{"id":"id3"}}]}
