{"resource_type":"virtual_machine_groups","resources":[{"type":"VirtualMachineGroup","value":{"id":"id2"}},{"type":"VirtualMachineGroup","value":{"id":"id3"}}]}
