<IPAddressAllocation type="existing">
  <IPAddress>ip_Hb8WpvV9qRMznHwZ</IPAddress>
</IPAddressAllocation>