{
  "id": "ip_Hb8WpvV9qRMznHwZ",
  "address": "21.124.234.68"
}